Error: Could not find Chrome (ver. 148.0.7778.97). This can occur if either
 1. you did not perform an installation before running the script (e.g. `npx puppeteer browsers install chrome`) or
 2. your cache path is incorrectly configured (which is: /home/vibe/.cache/puppeteer).
For (2), check out our guide on configuring puppeteer at https://pptr.dev/guides/configuration.
    at ChromeLauncher.resolveExecutablePath (/home/vibe/.npm/_npx/05d1b9d3e401eeb8/node_modules/puppeteer-core/lib/cjs/puppeteer/node/BrowserLauncher.js:343:27)
    at ChromeLauncher.computeLaunchArguments (/home/vibe/.npm/_npx/05d1b9d3e401eeb8/node_modules/puppeteer-core/lib/cjs/puppeteer/node/ChromeLauncher.js:94:24)
    at async ChromeLauncher.launch (/home/vibe/.npm/_npx/05d1b9d3e401eeb8/node_modules/puppeteer-core/lib/cjs/puppeteer/node/BrowserLauncher.js:91:28)
    at async setBrowser (/home/vibe/.npm/_npx/05d1b9d3e401eeb8/node_modules/pa11y/lib/pa11y.js:151:19)
    at async runPa11yTest (/home/vibe/.npm/_npx/05d1b9d3e401eeb8/node_modules/pa11y/lib/pa11y.js:83:2)
    at async pa11y (/home/vibe/.npm/_npx/05d1b9d3e401eeb8/node_modules/pa11y/lib/pa11y.js:54:18)
    at async runProgram (/home/vibe/.npm/_npx/05d1b9d3e401eeb8/node_modules/pa11y/bin/pa11y.js:143:19)
Runtime error encountered: The CHROME_PATH environment variable must be set to a Chrome/Chromium executable no older than Chrome stable.
Error
    at new LauncherError (file:///home/vibe/.npm/_npx/0f94ee7615faf582/node_modules/chrome-launcher/dist/utils.js:22:22)
    at new ChromePathNotSetError (file:///home/vibe/.npm/_npx/0f94ee7615faf582/node_modules/chrome-launcher/dist/utils.js:28:9)
    at Module.linux (file:///home/vibe/.npm/_npx/0f94ee7615faf582/node_modules/chrome-launcher/dist/chrome-finder.js:124:15)
    at Launcher.getFirstInstallation (file:///home/vibe/.npm/_npx/0f94ee7615faf582/node_modules/chrome-launcher/dist/chrome-launcher.js:135:43)
    at Launcher.launch (file:///home/vibe/.npm/_npx/0f94ee7615faf582/node_modules/chrome-launcher/dist/chrome-launcher.js:203:43)
    at Module.launch (file:///home/vibe/.npm/_npx/0f94ee7615faf582/node_modules/chrome-launcher/dist/chrome-launcher.js:33:20)
    at getDebuggableChrome (file:///home/vibe/.npm/_npx/0f94ee7615faf582/node_modules/lighthouse/cli/run.js:85:25)
    at runLighthouse (file:///home/vibe/.npm/_npx/0f94ee7615faf582/node_modules/lighthouse/cli/run.js:204:30)
    at begin (file:///home/vibe/.npm/_npx/0f94ee7615faf582/node_modules/lighthouse/cli/bin.js:134:10)
    at async file:///home/vibe/.npm/_npx/0f94ee7615faf582/node_modules/lighthouse/cli/index.js:10:1
